// Jest Snapshot v1, https://goo.gl/fbAQLP

exports[`Home Component should render without throwing an error 1`] = `
<Provider
  store={
    Object {
      "clearActions": [Function],
      "dispatch": [Function],
      "getActions": [Function],
      "getState": [Function],
      "replaceReducer": [Function],
      "subscribe": [Function],
    }
  }
>
  <Memo(Connect(Home)) />
</Provider>
`;
